#
# There is insufficient memory for the Java Runtime Environment to continue.
# Native memory allocation (mmap) failed to map 16777216 bytes. Error detail: G1 virtual space
# Possible reasons:
#   The system is out of physical RAM or swap space
#   This process is running with CompressedOops enabled, and the Java Heap may be blocking the growth of the native heap
# Possible solutions:
#   Reduce memory load on the system
#   Increase physical memory or swap space
#   Check if swap backing store is full
#   Decrease Java heap size (-Xmx/-Xms)
#   Decrease number of Java threads
#   Decrease Java thread stack sizes (-Xss)
#   Set larger code cache with -XX:ReservedCodeCacheSize=
#   JVM is running with Zero Based Compressed Oops mode in which the Java heap is
#     placed in the first 32GB address space. The Java Heap base address is the
#     maximum limit for the native heap growth. Please use -XX:HeapBaseMinAddress
#     to set the Java Heap base and to place the Java Heap above 32GB virtual address.
# This output file may be truncated or incomplete.
#
#  Out of Memory Error (os_windows.cpp:3631), pid=8024, tid=15952
#
# JRE version: Java(TM) SE Runtime Environment (22.0.2+9) (build 22.0.2+9-70)
# Java VM: Java HotSpot(TM) 64-Bit Server VM (22.0.2+9-70, mixed mode, sharing, tiered, compressed oops, compressed class ptrs, g1 gc, windows-amd64)
# No core dump will be written. Minidumps are not enabled by default on client versions of Windows
#

---------------  S U M M A R Y ------------

Command Line: --add-opens=java.base/java.lang=ALL-UNNAMED --add-opens=java.base/java.lang.invoke=ALL-UNNAMED --add-opens=java.base/java.util=ALL-UNNAMED --add-opens=java.prefs/java.util.prefs=ALL-UNNAMED --add-exports=jdk.compiler/com.sun.tools.javac.api=ALL-UNNAMED --add-exports=jdk.compiler/com.sun.tools.javac.util=ALL-UNNAMED --add-opens=java.base/java.util=ALL-UNNAMED --add-opens=java.prefs/java.util.prefs=ALL-UNNAMED --add-opens=java.base/java.nio.charset=ALL-UNNAMED --add-opens=java.base/java.net=ALL-UNNAMED --add-opens=java.base/java.util.concurrent.atomic=ALL-UNNAMED --add-opens=java.xml/javax.xml.namespace=ALL-UNNAMED -XX:MaxMetaspaceSize=4G -XX:ReservedCodeCacheSize=512m -XX:+HeapDumpOnOutOfMemoryError -Xmx8G -Dfile.encoding=UTF-8 -Duser.country=US -Duser.language=en -Duser.variant -javaagent:C:\Users\dawat\.gradle\wrapper\dists\gradle-8.12-all\ejduaidbjup3bmmkhw3rie4zb\gradle-8.12\lib\agents\gradle-instrumentation-agent-8.12.jar org.gradle.launcher.daemon.bootstrap.GradleDaemon 8.12

Host: Intel(R) Core(TM) i5-8365U CPU @ 1.60GHz, 8 cores, 15G,  Windows 11 , 64 bit Build 26100 (10.0.26100.7019)
Time: Sun Jan  4 02:26:04 2026 E. Africa Standard Time elapsed time: 287.544321 seconds (0d 0h 4m 47s)

---------------  T H R E A D  ---------------

Current thread (0x000001ced24e3350):  VMThread "VM Thread"          [id=15952, stack(0x0000005584f00000,0x0000005585000000) (1024K)]

Stack: [0x0000005584f00000,0x0000005585000000]
Native frames: (J=compiled Java code, j=interpreted, Vv=VM code, C=native code)
V  [jvm.dll+0x6e26e9]  (no source info available)
V  [jvm.dll+0x875753]  (no source info available)
V  [jvm.dll+0x877b7e]  (no source info available)
V  [jvm.dll+0x878253]  (no source info available)
V  [jvm.dll+0x27fc86]  (no source info available)
V  [jvm.dll+0x6ded85]  (no source info available)
V  [jvm.dll+0x6d388a]  (no source info available)
V  [jvm.dll+0x358b8a]  (no source info available)
V  [jvm.dll+0x3610b6]  (no source info available)
V  [jvm.dll+0x3b419e]  (no source info available)
V  [jvm.dll+0x3b4448]  (no source info available)
V  [jvm.dll+0x32c5ec]  (no source info available)
V  [jvm.dll+0x32f036]  (no source info available)
V  [jvm.dll+0x339371]  (no source info available)
V  [jvm.dll+0x370515]  (no source info available)
V  [jvm.dll+0x87e0f0]  (no source info available)
V  [jvm.dll+0x87f477]  (no source info available)
V  [jvm.dll+0x87f9f0]  (no source info available)
V  [jvm.dll+0x87fc93]  (no source info available)
V  [jvm.dll+0x81dc0b]  (no source info available)
V  [jvm.dll+0x6e0d85]  (no source info available)
C  [ucrtbase.dll+0x37b0]  (no source info available)
C  [KERNEL32.DLL+0x2e8d7]  (no source info available)
C  [ntdll.dll+0x8c53c]  (no source info available)

VM_Operation (0x0000005584aff730): G1PauseRemark, mode: safepoint, requested by thread 0x000001ced23092c0


---------------  P R O C E S S  ---------------

Threads class SMR info:
_java_thread_list=0x000001cf20bcf3e0, length=105, elements={
0x000001ce9fa684b0, 0x000001cf1a004090, 0x000001cf1a005270, 0x000001cf1a00bec0,
0x000001cf1a00cc80, 0x000001cf1a00e250, 0x000001cf1a011830, 0x000001cf1a0201c0,
0x000001cf1a023f10, 0x000001cf1a1136c0, 0x000001cf1a32aa70, 0x000001cf1baccb00,
0x000001cf1baec900, 0x000001cf1b158750, 0x000001cf1a55ae50, 0x000001cf1a5586f0,
0x000001cf1a558d80, 0x000001cf1fafa9e0, 0x000001cf1fafb700, 0x000001cf1fafd7d0,
0x000001cf1fafbd90, 0x000001cf1fafc420, 0x000001cf1fafb070, 0x000001cf1fafeb80,
0x000001cf1faff210, 0x000001cf1fb005c0, 0x000001cf1fb00c50, 0x000001cf1fafff30,
0x000001cf1b101e90, 0x000001cf208a0280, 0x000001cf2089fbf0, 0x000001cf208a0fa0,
0x000001cf208a0910, 0x000001cf1e814e80, 0x000001cf1e813ad0, 0x000001cf1e814160,
0x000001cf1e812720, 0x000001cf1e812db0, 0x000001cf1e8147f0, 0x000001cf1e811a00,
0x000001cf1e815510, 0x000001cf1e812090, 0x000001cf1e8168c0, 0x000001cf1e817c70,
0x000001cf1e815ba0, 0x000001cf1e816f50, 0x000001cf1e8175e0, 0x000001cf1e818990,
0x000001cf1e818300, 0x000001cf1e3cabe0, 0x000001cf1e3c9ec0, 0x000001cf1e3cb900,
0x000001cf1e3c8480, 0x000001cf1e3c8b10, 0x000001cf1e3cccb0, 0x000001cf1e3cf410,
0x000001cf1e3cfaa0, 0x000001cf1e3ce060, 0x000001cf1e3cc620, 0x000001cf1e3cd340,
0x000001cf1e3cd9d0, 0x000001cf1e3ced80, 0x000001cf1d92bc90, 0x000001cf1d928810,
0x000001cf1d92c9b0, 0x000001cf1d92d040, 0x000001cf1d92a250, 0x000001cf1d929bc0,
0x000001cf1d92d6d0, 0x000001cf1d92c320, 0x000001cf1d92dd60, 0x000001cf1d92a8e0,
0x000001cf1d92af70, 0x000001cf1d92f110, 0x000001cf1d92e3f0, 0x000001cf1d92ea80,
0x000001cf1d92f7a0, 0x000001cf2089d490, 0x000001cf2089db20, 0x000001cf2089e840,
0x000001cf2089e1b0, 0x000001cf208a2350, 0x000001cf208a1cc0, 0x000001cf2089eed0,
0x000001cf208a29e0, 0x000001cf2089f560, 0x000001cf208a4ab0, 0x000001cf1eda15f0,
0x000001cf1ed9fbb0, 0x000001cf1eda0f60, 0x000001cf1eda29a0, 0x000001cf1eda0240,
0x000001cf1eda2310, 0x000001cf1eda1c80, 0x000001cf1eda08d0, 0x000001cf1b0ffdc0,
0x000001cf1b0fea10, 0x000001cf1b101800, 0x000001cf1b101170, 0x000001cf1b0ff0a0,
0x000001cf1fafe4f0, 0x000001cf1da77330, 0x000001cf1da7bb60, 0x000001cf2039f070,
0x000001cf203a2dc0
}

Java Threads: ( => current thread )
  0x000001ce9fa684b0 JavaThread "main"                              [_thread_blocked, id=16700, stack(0x0000005584800000,0x0000005584900000) (1024K)]
  0x000001cf1a004090 JavaThread "Reference Handler"          daemon [_thread_blocked, id=20668, stack(0x0000005585000000,0x0000005585100000) (1024K)]
  0x000001cf1a005270 JavaThread "Finalizer"                  daemon [_thread_blocked, id=21232, stack(0x0000005585100000,0x0000005585200000) (1024K)]
  0x000001cf1a00bec0 JavaThread "Signal Dispatcher"          daemon [_thread_blocked, id=8844, stack(0x0000005585200000,0x0000005585300000) (1024K)]
  0x000001cf1a00cc80 JavaThread "Attach Listener"            daemon [_thread_blocked, id=8764, stack(0x0000005585300000,0x0000005585400000) (1024K)]
  0x000001cf1a00e250 JavaThread "Service Thread"             daemon [_thread_blocked, id=19992, stack(0x0000005585400000,0x0000005585500000) (1024K)]
  0x000001cf1a011830 JavaThread "Monitor Deflation Thread"   daemon [_thread_blocked, id=19780, stack(0x0000005585500000,0x0000005585600000) (1024K)]
  0x000001cf1a0201c0 JavaThread "C2 CompilerThread0"         daemon [_thread_blocked, id=8276, stack(0x0000005585600000,0x0000005585700000) (1024K)]
  0x000001cf1a023f10 JavaThread "C1 CompilerThread0"         daemon [_thread_blocked, id=7500, stack(0x0000005585700000,0x0000005585800000) (1024K)]
  0x000001cf1a1136c0 JavaThread "Common-Cleaner"             daemon [_thread_blocked, id=2636, stack(0x0000005585800000,0x0000005585900000) (1024K)]
  0x000001cf1a32aa70 JavaThread "Notification Thread"        daemon [_thread_blocked, id=17104, stack(0x0000005585a00000,0x0000005585b00000) (1024K)]
  0x000001cf1baccb00 JavaThread "Daemon health stats"               [_thread_blocked, id=22832, stack(0x0000005585b00000,0x0000005585c00000) (1024K)]
  0x000001cf1baec900 JavaThread "Incoming local TCP Connector on port 4305"        [_thread_in_native, id=19440, stack(0x0000005585900000,0x0000005585a00000) (1024K)]
  0x000001cf1b158750 JavaThread "Daemon periodic checks"            [_thread_blocked, id=19080, stack(0x0000005586300000,0x0000005586400000) (1024K)]
  0x000001cf1a55ae50 JavaThread "Cache worker for journal cache (C:\Users\dawat\.gradle\caches\journal-1)"        [_thread_blocked, id=13232, stack(0x0000005586b00000,0x0000005586c00000) (1024K)]
  0x000001cf1a5586f0 JavaThread "File lock request listener"        [_thread_in_native, id=23432, stack(0x0000005586c00000,0x0000005586d00000) (1024K)]
  0x000001cf1a558d80 JavaThread "Cache worker for file hash cache (C:\Users\dawat\.gradle\caches\8.12\fileHashes)"        [_thread_blocked, id=10296, stack(0x0000005586d00000,0x0000005586e00000) (1024K)]
  0x000001cf1fafa9e0 JavaThread "File watcher server"        daemon [_thread_in_native, id=18164, stack(0x0000005587300000,0x0000005587400000) (1024K)]
  0x000001cf1fafb700 JavaThread "File watcher consumer"      daemon [_thread_blocked, id=7996, stack(0x0000005587400000,0x0000005587500000) (1024K)]
  0x000001cf1fafd7d0 JavaThread "jar transforms"                    [_thread_blocked, id=13880, stack(0x0000005587500000,0x0000005587600000) (1024K)]
  0x000001cf1fafbd90 JavaThread "jar transforms Thread 2"           [_thread_blocked, id=3708, stack(0x0000005587600000,0x0000005587700000) (1024K)]
  0x000001cf1fafc420 JavaThread "jar transforms Thread 3"           [_thread_blocked, id=14212, stack(0x0000005587700000,0x0000005587800000) (1024K)]
  0x000001cf1fafb070 JavaThread "jar transforms Thread 4"           [_thread_blocked, id=14192, stack(0x0000005587800000,0x0000005587900000) (1024K)]
  0x000001cf1fafeb80 JavaThread "jar transforms Thread 5"           [_thread_blocked, id=9948, stack(0x0000005587900000,0x0000005587a00000) (1024K)]
  0x000001cf1faff210 JavaThread "Cache worker for file content cache (C:\Users\dawat\.gradle\caches\8.12\fileContent)"        [_thread_blocked, id=4984, stack(0x0000005587b00000,0x0000005587c00000) (1024K)]
  0x000001cf1fb005c0 JavaThread "jar transforms Thread 6"           [_thread_blocked, id=22744, stack(0x0000005587c00000,0x0000005587d00000) (1024K)]
  0x000001cf1fb00c50 JavaThread "jar transforms Thread 7"           [_thread_blocked, id=6268, stack(0x0000005587d00000,0x0000005587e00000) (1024K)]
  0x000001cf1fafff30 JavaThread "jar transforms Thread 8"           [_thread_blocked, id=16168, stack(0x0000005587e00000,0x0000005587f00000) (1024K)]
  0x000001cf1b101e90 JavaThread "Memory manager"                    [_thread_blocked, id=7808, stack(0x0000005589700000,0x0000005589800000) (1024K)]
  0x000001cf208a0280 JavaThread "RMI Scheduler(0)"           daemon [_thread_blocked, id=20076, stack(0x000000558b600000,0x000000558b700000) (1024K)]
  0x000001cf2089fbf0 JavaThread "RMI GC Daemon"              daemon [_thread_blocked, id=16748, stack(0x000000558ba00000,0x000000558bb00000) (1024K)]
  0x000001cf208a0fa0 JavaThread "RMI TCP Accept-0"           daemon [_thread_in_native, id=3564, stack(0x000000558bb00000,0x000000558bc00000) (1024K)]
  0x000001cf208a0910 JavaThread "RMI Reaper"                        [_thread_blocked, id=15256, stack(0x000000558bc00000,0x000000558bd00000) (1024K)]
  0x000001cf1e814e80 JavaThread "Daemon Thread 2"                   [_thread_blocked, id=17240, stack(0x0000005584500000,0x0000005584600000) (1024K)]
  0x000001cf1e813ad0 JavaThread "Handler for socket connection from /127.0.0.1:4305 to /127.0.0.1:7285"        [_thread_in_native, id=17816, stack(0x0000005584600000,0x0000005584700000) (1024K)]
  0x000001cf1e814160 JavaThread "Cancel handler"                    [_thread_blocked, id=15756, stack(0x0000005584700000,0x0000005584800000) (1024K)]
  0x000001cf1e812720 JavaThread "Daemon worker Thread 2"            [_thread_blocked, id=15316, stack(0x0000005586400000,0x0000005586500000) (1024K)]
  0x000001cf1e812db0 JavaThread "Asynchronous log dispatcher for DefaultDaemonConnection: socket connection from /127.0.0.1:4305 to /127.0.0.1:7285"        [_thread_blocked, id=20500, stack(0x0000005586500000,0x0000005586600000) (1024K)]
  0x000001cf1e8147f0 JavaThread "Stdin handler"                     [_thread_blocked, id=10700, stack(0x0000005586700000,0x0000005586800000) (1024K)]
  0x000001cf1e811a00 JavaThread "Daemon client event forwarder"        [_thread_blocked, id=18468, stack(0x0000005586800000,0x0000005586900000) (1024K)]
  0x000001cf1e815510 JavaThread "Cache worker for file hash cache (D:\SWE\4th Year\4th 1st\Mobile Computing and Programming\Flutter_app\enbla-restaurant-reservation\src\flutter\enbla_app\android\.gradle\8.12\fileHashes)"        [_thread_blocked, id=13152, stack(0x0000005586900000,0x0000005586a00000) (1024K)]
  0x000001cf1e812090 JavaThread "Cache worker for Build Output Cleanup Cache (D:\SWE\4th Year\4th 1st\Mobile Computing and Programming\Flutter_app\enbla-restaurant-reservation\src\flutter\enbla_app\android\.gradle\buildOutputCleanup)"        [_thread_blocked, id=15696, stack(0x0000005586a00000,0x0000005586b00000) (1024K)]
  0x000001cf1e8168c0 JavaThread "Cache worker for checksums cache (D:\SWE\4th Year\4th 1st\Mobile Computing and Programming\Flutter_app\enbla-restaurant-reservation\src\flutter\enbla_app\android\.gradle\8.12\checksums)"        [_thread_blocked, id=1116, stack(0x0000005587000000,0x0000005587100000) (1024K)]
  0x000001cf1e817c70 JavaThread "Cache worker for cache directory md-rule (C:\Users\dawat\.gradle\caches\8.12\md-rule)"        [_thread_blocked, id=7244, stack(0x0000005587100000,0x0000005587200000) (1024K)]
  0x000001cf1e815ba0 JavaThread "Cache worker for cache directory md-supplier (C:\Users\dawat\.gradle\caches\8.12\md-supplier)"        [_thread_blocked, id=21560, stack(0x0000005587200000,0x0000005587300000) (1024K)]
  0x000001cf1e816f50 JavaThread "Cache worker for Build Output Cleanup Cache (C:\src\flutter\packages\flutter_tools\gradle\.gradle\buildOutputCleanup)"        [_thread_blocked, id=1720, stack(0x0000005587a00000,0x0000005587b00000) (1024K)]
  0x000001cf1e8175e0 JavaThread "Unconstrained build operations"        [_thread_blocked, id=5204, stack(0x0000005587f00000,0x0000005588000000) (1024K)]
  0x000001cf1e818990 JavaThread "Unconstrained build operations Thread 2"        [_thread_blocked, id=17772, stack(0x0000005588000000,0x0000005588100000) (1024K)]
  0x000001cf1e818300 JavaThread "Unconstrained build operations Thread 3"        [_thread_blocked, id=13780, stack(0x0000005588100000,0x0000005588200000) (1024K)]
  0x000001cf1e3cabe0 JavaThread "Unconstrained build operations Thread 4"        [_thread_blocked, id=10508, stack(0x0000005588200000,0x0000005588300000) (1024K)]
  0x000001cf1e3c9ec0 JavaThread "Unconstrained build operations Thread 5"        [_thread_blocked, id=19204, stack(0x0000005588300000,0x0000005588400000) (1024K)]
  0x000001cf1e3cb900 JavaThread "Unconstrained build operations Thread 6"        [_thread_blocked, id=16820, stack(0x0000005588400000,0x0000005588500000) (1024K)]
  0x000001cf1e3c8480 JavaThread "Unconstrained build operations Thread 7"        [_thread_blocked, id=21028, stack(0x0000005588500000,0x0000005588600000) (1024K)]
  0x000001cf1e3c8b10 JavaThread "Unconstrained build operations Thread 8"        [_thread_blocked, id=5068, stack(0x0000005588600000,0x0000005588700000) (1024K)]
  0x000001cf1e3cccb0 JavaThread "Unconstrained build operations Thread 9"        [_thread_blocked, id=22132, stack(0x0000005588700000,0x0000005588800000) (1024K)]
  0x000001cf1e3cf410 JavaThread "Unconstrained build operations Thread 10"        [_thread_blocked, id=18800, stack(0x0000005588800000,0x0000005588900000) (1024K)]
  0x000001cf1e3cfaa0 JavaThread "Unconstrained build operations Thread 11"        [_thread_blocked, id=5440, stack(0x0000005588900000,0x0000005588a00000) (1024K)]
  0x000001cf1e3ce060 JavaThread "Unconstrained build operations Thread 12"        [_thread_blocked, id=18304, stack(0x0000005588a00000,0x0000005588b00000) (1024K)]
  0x000001cf1e3cc620 JavaThread "Unconstrained build operations Thread 13"        [_thread_blocked, id=8748, stack(0x0000005588b00000,0x0000005588c00000) (1024K)]
  0x000001cf1e3cd340 JavaThread "Unconstrained build operations Thread 14"        [_thread_blocked, id=2996, stack(0x0000005588c00000,0x0000005588d00000) (1024K)]
  0x000001cf1e3cd9d0 JavaThread "build event listener"              [_thread_blocked, id=6860, stack(0x0000005588d00000,0x0000005588e00000) (1024K)]
  0x000001cf1e3ced80 JavaThread "Execution worker"                  [_thread_blocked, id=5792, stack(0x0000005588f00000,0x0000005589000000) (1024K)]
  0x000001cf1d92bc90 JavaThread "Execution worker Thread 2"         [_thread_blocked, id=15948, stack(0x0000005589000000,0x0000005589100000) (1024K)]
  0x000001cf1d928810 JavaThread "Execution worker Thread 3"         [_thread_blocked, id=18124, stack(0x0000005589100000,0x0000005589200000) (1024K)]
  0x000001cf1d92c9b0 JavaThread "Execution worker Thread 4"         [_thread_blocked, id=22848, stack(0x0000005589200000,0x0000005589300000) (1024K)]
  0x000001cf1d92d040 JavaThread "Execution worker Thread 5"         [_thread_blocked, id=22076, stack(0x0000005589300000,0x0000005589400000) (1024K)]
  0x000001cf1d92a250 JavaThread "Execution worker Thread 6"         [_thread_blocked, id=2112, stack(0x0000005589400000,0x0000005589500000) (1024K)]
  0x000001cf1d929bc0 JavaThread "Execution worker Thread 7"         [_thread_blocked, id=18792, stack(0x0000005589500000,0x0000005589600000) (1024K)]
  0x000001cf1d92d6d0 JavaThread "Cache worker for execution history cache (C:\src\flutter\packages\flutter_tools\gradle\.gradle\8.12\executionHistory)"        [_thread_blocked, id=15636, stack(0x0000005589600000,0x0000005589700000) (1024K)]
  0x000001cf1d92c320 JavaThread "Unconstrained build operations Thread 15"        [_thread_blocked, id=21804, stack(0x0000005589800000,0x0000005589900000) (1024K)]
  0x000001cf1d92dd60 JavaThread "Unconstrained build operations Thread 16"        [_thread_blocked, id=21872, stack(0x0000005589900000,0x0000005589a00000) (1024K)]
  0x000001cf1d92a8e0 JavaThread "Unconstrained build operations Thread 17"        [_thread_blocked, id=11320, stack(0x0000005589a00000,0x0000005589b00000) (1024K)]
  0x000001cf1d92af70 JavaThread "Unconstrained build operations Thread 18"        [_thread_blocked, id=19520, stack(0x0000005589b00000,0x0000005589c00000) (1024K)]
  0x000001cf1d92f110 JavaThread "Unconstrained build operations Thread 19"        [_thread_blocked, id=7728, stack(0x0000005589c00000,0x0000005589d00000) (1024K)]
  0x000001cf1d92e3f0 JavaThread "Unconstrained build operations Thread 20"        [_thread_blocked, id=20512, stack(0x0000005589d00000,0x0000005589e00000) (1024K)]
  0x000001cf1d92ea80 JavaThread "Unconstrained build operations Thread 21"        [_thread_blocked, id=2860, stack(0x0000005589e00000,0x0000005589f00000) (1024K)]
  0x000001cf1d92f7a0 JavaThread "Unconstrained build operations Thread 22"        [_thread_blocked, id=9644, stack(0x0000005589f00000,0x000000558a000000) (1024K)]
  0x000001cf2089d490 JavaThread "Unconstrained build operations Thread 23"        [_thread_blocked, id=7800, stack(0x000000558a000000,0x000000558a100000) (1024K)]
  0x000001cf2089db20 JavaThread "Unconstrained build operations Thread 24"        [_thread_blocked, id=21640, stack(0x000000558a100000,0x000000558a200000) (1024K)]
  0x000001cf2089e840 JavaThread "Unconstrained build operations Thread 25"        [_thread_blocked, id=11428, stack(0x000000558a200000,0x000000558a300000) (1024K)]
  0x000001cf2089e1b0 JavaThread "Unconstrained build operations Thread 26"        [_thread_blocked, id=21172, stack(0x000000558a300000,0x000000558a400000) (1024K)]
  0x000001cf208a2350 JavaThread "Unconstrained build operations Thread 27"        [_thread_blocked, id=11920, stack(0x000000558a400000,0x000000558a500000) (1024K)]
  0x000001cf208a1cc0 JavaThread "Unconstrained build operations Thread 28"        [_thread_blocked, id=14972, stack(0x000000558a500000,0x000000558a600000) (1024K)]
  0x000001cf2089eed0 JavaThread "Unconstrained build operations Thread 29"        [_thread_blocked, id=17028, stack(0x000000558a600000,0x000000558a700000) (1024K)]
  0x000001cf208a29e0 JavaThread "Unconstrained build operations Thread 30"        [_thread_blocked, id=20700, stack(0x000000558a700000,0x000000558a800000) (1024K)]
  0x000001cf2089f560 JavaThread "WorkerExecutor Queue"              [_thread_blocked, id=21576, stack(0x0000005586e00000,0x0000005586f00000) (1024K)]
  0x000001cf208a4ab0 JavaThread "Unconstrained build operations Thread 31"        [_thread_blocked, id=20252, stack(0x000000558aa00000,0x000000558ab00000) (1024K)]
  0x000001cf1eda15f0 JavaThread "Unconstrained build operations Thread 32"        [_thread_blocked, id=18564, stack(0x000000558ab00000,0x000000558ac00000) (1024K)]
  0x000001cf1ed9fbb0 JavaThread "Unconstrained build operations Thread 33"        [_thread_blocked, id=2804, stack(0x000000558ac00000,0x000000558ad00000) (1024K)]
  0x000001cf1eda0f60 JavaThread "Unconstrained build operations Thread 34"        [_thread_blocked, id=18336, stack(0x000000558ad00000,0x000000558ae00000) (1024K)]
  0x000001cf1eda29a0 JavaThread "Unconstrained build operations Thread 35"        [_thread_blocked, id=22032, stack(0x000000558ae00000,0x000000558af00000) (1024K)]
  0x000001cf1eda0240 JavaThread "Unconstrained build operations Thread 36"        [_thread_blocked, id=17848, stack(0x000000558af00000,0x000000558b000000) (1024K)]
  0x000001cf1eda2310 JavaThread "Unconstrained build operations Thread 37"        [_thread_blocked, id=8756, stack(0x000000558b000000,0x000000558b100000) (1024K)]
  0x000001cf1eda1c80 JavaThread "Unconstrained build operations Thread 38"        [_thread_blocked, id=11844, stack(0x000000558b100000,0x000000558b200000) (1024K)]
  0x000001cf1eda08d0 JavaThread "Unconstrained build operations Thread 39"        [_thread_blocked, id=18424, stack(0x000000558b200000,0x000000558b300000) (1024K)]
  0x000001cf1b0ffdc0 JavaThread "Unconstrained build operations Thread 40"        [_thread_blocked, id=20988, stack(0x000000558b300000,0x000000558b400000) (1024K)]
  0x000001cf1b0fea10 JavaThread "Unconstrained build operations Thread 41"        [_thread_blocked, id=22056, stack(0x000000558b400000,0x000000558b500000) (1024K)]
  0x000001cf1b101800 JavaThread "Unconstrained build operations Thread 42"        [_thread_blocked, id=11820, stack(0x000000558b500000,0x000000558b600000) (1024K)]
  0x000001cf1b101170 JavaThread "Unconstrained build operations Thread 43"        [_thread_blocked, id=13976, stack(0x000000558b700000,0x000000558b800000) (1024K)]
  0x000001cf1b0ff0a0 JavaThread "Unconstrained build operations Thread 44"        [_thread_blocked, id=14992, stack(0x000000558b800000,0x000000558b900000) (1024K)]
  0x000001cf1fafe4f0 JavaThread "Kotlin DSL Writer"                 [_thread_blocked, id=21616, stack(0x0000005586600000,0x0000005586700000) (1024K)]
  0x000001cf1da77330 JavaThread "File lock release action executor Thread 2"        [_thread_blocked, id=12624, stack(0x000000558a800000,0x000000558a900000) (1024K)]
  0x000001cf1da7bb60 JavaThread "build event listener"              [_thread_blocked, id=3612, stack(0x000000558b900000,0x000000558ba00000) (1024K)]
  0x000001cf2039f070 JavaThread "C2 CompilerThread1"         daemon [_thread_blocked, id=16788, stack(0x0000005588e00000,0x0000005588f00000) (1024K)]
  0x000001cf203a2dc0 JavaThread "C2 CompilerThread2"         daemon [_thread_blocked, id=19068, stack(0x000000558a900000,0x000000558aa00000) (1024K)]
Total: 105

Other Threads:
=>0x000001ced24e3350 VMThread "VM Thread"                           [id=15952, stack(0x0000005584f00000,0x0000005585000000) (1024K)]
  0x000001ced24cc540 WatcherThread "VM Periodic Task Thread"        [id=7796, stack(0x0000005584e00000,0x0000005584f00000) (1024K)]
  0x000001ce9fb10c20 WorkerThread "GC Thread#0"                     [id=23360, stack(0x0000005584900000,0x0000005584a00000) (1024K)]
  0x000001cf1a36afc0 WorkerThread "GC Thread#1"                     [id=7504, stack(0x0000005585c00000,0x0000005585d00000) (1024K)]
  0x000001cf1ab90e00 WorkerThread "GC Thread#2"                     [id=16240, stack(0x0000005585d00000,0x0000005585e00000) (1024K)]
  0x000001cf1a842570 WorkerThread "GC Thread#3"                     [id=15588, stack(0x0000005585e00000,0x0000005585f00000) (1024K)]
  0x000001cf1a842920 WorkerThread "GC Thread#4"                     [id=20980, stack(0x0000005585f00000,0x0000005586000000) (1024K)]
  0x000001cf1a560e40 WorkerThread "GC Thread#5"                     [id=22704, stack(0x0000005586000000,0x0000005586100000) (1024K)]
  0x000001cf1bce8fb0 WorkerThread "GC Thread#6"                     [id=11788, stack(0x0000005586100000,0x0000005586200000) (1024K)]
  0x000001cf1bd0e4f0 WorkerThread "GC Thread#7"                     [id=21332, stack(0x0000005586200000,0x0000005586300000) (1024K)]
  0x000001ced23092c0 ConcurrentGCThread "G1 Main Marker"            [id=10528, stack(0x0000005584a00000,0x0000005584b00000) (1024K)]
  0x000001ce9fb1a070 WorkerThread "G1 Conc#0"                       [id=23196, stack(0x0000005584b00000,0x0000005584c00000) (1024K)]
  0x000001cf1c2db4f0 WorkerThread "G1 Conc#1"                       [id=13996, stack(0x0000005586f00000,0x0000005587000000) (1024K)]
  0x000001ced2397ea0 ConcurrentGCThread "G1 Refine#0"               [id=19764, stack(0x0000005584c00000,0x0000005584d00000) (1024K)]
  0x000001ced2398930 ConcurrentGCThread "G1 Service"                [id=6484, stack(0x0000005584d00000,0x0000005584e00000) (1024K)]
Total: 15

Threads with active compile tasks:
C1 CompilerThread0  288200 22499       3       org.jetbrains.kotlin.resolve.calls.inference.components.ConstraintInjector::addInitialSubtypeConstraint (105 bytes)
C2 CompilerThread1  288200 22489       4       org.jetbrains.kotlin.metadata.ProtoBuf$Function::isInitialized (251 bytes)
Total: 2

VM state: at safepoint (normal execution)

VM Mutex/Monitor currently owned by a thread:  ([mutex/lock_event])
[0x00007ffdd3e4cb80] Threads_lock - owner thread: 0x000001ced24e3350
[0x00007ffdd3e4cc80] Heap_lock - owner thread: 0x000001ced23092c0

Heap address: 0x0000000600000000, size: 8192 MB, Compressed Oops mode: Zero based, Oop shift amount: 3

CDS archive(s) mapped at: [0x000001ced5000000-0x000001ced5c60000-0x000001ced5c60000), size 12976128, SharedBaseAddress: 0x000001ced5000000, ArchiveRelocationMode: 1.
Compressed class space mapped at: 0x000001ced6000000-0x000001cf16000000, reserved size: 1073741824
Narrow klass base: 0x000001ced5000000, Narrow klass shift: 0, Narrow klass range: 0x41000000

GC Precious Log:
 CardTable entry size: 512
 Card Set container configuration: InlinePtr #cards 4 size 8 Array Of Cards #cards 32 size 80 Howl #buckets 8 coarsen threshold 7372 Howl Bitmap #cards 1024 size 144 coarsen threshold 921 Card regions per heap region 1 cards per card region 8192
 CPUs: 8 total, 8 available
 Memory: 16190M
 Large Page Support: Disabled
 NUMA Support: Disabled
 Compressed Oops: Enabled (Zero based)
 Heap Region Size: 4M
 Heap Min Capacity: 8M
 Heap Initial Capacity: 256M
 Heap Max Capacity: 8G
 Pre-touch: Disabled
 Parallel Workers: 8
 Concurrent Workers: 2
 Concurrent Refinement Workers: 8
 Periodic GC: Disabled

Heap:
 garbage-first heap   total reserved 8388608K, committed 307200K, used 189167K [0x0000000600000000, 0x0000000800000000)
  region size 4096K, 5 young (20480K), 4 survivors (16384K)
 Metaspace       used 162788K, committed 165760K, reserved 1245184K
  class space    used 21491K, committed 22912K, reserved 1048576K

Heap Regions: E=young(eden), S=young(survivor), O=old, HS=humongous(starts), HC=humongous(continues), CS=collection set, F=free, TAMS=top-at-mark-start, PB=parsable bottom
|   0|0x0000000600000000, 0x0000000600400000, 0x0000000600400000|100%| O|  |TAMS 0x0000000600400000| PB 0x0000000600400000| Untracked |  0
|   1|0x0000000600400000, 0x0000000600800000, 0x0000000600800000|100%|HS|  |TAMS 0x0000000600800000| PB 0x0000000600400000| Complete |  0
|   2|0x0000000600800000, 0x0000000600c00000, 0x0000000600c00000|100%| O|  |TAMS 0x0000000600c00000| PB 0x0000000600c00000| Updating |  0
|   3|0x0000000600c00000, 0x0000000601000000, 0x0000000601000000|100%| O|  |TAMS 0x0000000601000000| PB 0x0000000601000000| Untracked |  0
|   4|0x0000000601000000, 0x0000000601400000, 0x0000000601400000|100%| O|  |TAMS 0x0000000601400000| PB 0x0000000601400000| Untracked |  0
|   5|0x0000000601400000, 0x0000000601800000, 0x0000000601800000|100%| O|  |TAMS 0x0000000601800000| PB 0x0000000601800000| Untracked |  0
|   6|0x0000000601800000, 0x0000000601c00000, 0x0000000601c00000|100%| O|  |TAMS 0x0000000601c00000| PB 0x0000000601c00000| Updating |  0
|   7|0x0000000601c00000, 0x0000000602000000, 0x0000000602000000|100%| O|  |TAMS 0x0000000602000000| PB 0x0000000602000000| Untracked |  0
|   8|0x0000000602000000, 0x0000000602400000, 0x0000000602400000|100%| O|  |TAMS 0x0000000602400000| PB 0x0000000602400000| Untracked |  0
|   9|0x0000000602400000, 0x0000000602800000, 0x0000000602800000|100%| O|  |TAMS 0x0000000602800000| PB 0x0000000602800000| Untracked |  0
|  10|0x0000000602800000, 0x0000000602c00000, 0x0000000602c00000|100%| O|  |TAMS 0x0000000602c00000| PB 0x0000000602c00000| Updating |  0
|  11|0x0000000602c00000, 0x0000000603000000, 0x0000000603000000|100%| O|  |TAMS 0x0000000603000000| PB 0x0000000603000000| Untracked |  0
|  12|0x0000000603000000, 0x0000000603400000, 0x0000000603400000|100%|HS|  |TAMS 0x0000000603400000| PB 0x0000000603000000| Complete |  0
|  13|0x0000000603400000, 0x0000000603800000, 0x0000000603800000|100%|HS|  |TAMS 0x0000000603800000| PB 0x0000000603400000| Complete |  0
|  14|0x0000000603800000, 0x0000000603c00000, 0x0000000603c00000|100%| O|  |TAMS 0x0000000603c00000| PB 0x0000000603c00000| Untracked |  0
|  15|0x0000000603c00000, 0x0000000604000000, 0x0000000604000000|100%| O|  |TAMS 0x0000000604000000| PB 0x0000000604000000| Untracked |  0
|  16|0x0000000604000000, 0x0000000604400000, 0x0000000604400000|100%| O|  |TAMS 0x0000000604400000| PB 0x0000000604400000| Untracked |  0
|  17|0x0000000604400000, 0x0000000604800000, 0x0000000604800000|100%| O|  |TAMS 0x0000000604800000| PB 0x0000000604800000| Untracked |  0
|  18|0x0000000604800000, 0x0000000604c00000, 0x0000000604c00000|100%| O|  |TAMS 0x0000000604c00000| PB 0x0000000604c00000| Updating |  0
|  19|0x0000000604c00000, 0x0000000605000000, 0x0000000605000000|100%| O|  |TAMS 0x0000000605000000| PB 0x0000000605000000| Untracked |  0
|  20|0x0000000605000000, 0x0000000605400000, 0x0000000605400000|100%| O|  |TAMS 0x0000000605400000| PB 0x0000000605400000| Updating |  0
|  21|0x0000000605400000, 0x00000006054ded00, 0x0000000605800000| 21%| O|  |TAMS 0x0000000605400000| PB 0x0000000605400000| Updating |  0
|  22|0x0000000605800000, 0x0000000605c00000, 0x0000000605c00000|100%| O|  |TAMS 0x0000000605c00000| PB 0x0000000605c00000| Untracked |  0
|  23|0x0000000605c00000, 0x0000000606000000, 0x0000000606000000|100%| O|  |TAMS 0x0000000606000000| PB 0x0000000606000000| Updating |  0
|  24|0x0000000606000000, 0x0000000606400000, 0x0000000606400000|100%| O|  |TAMS 0x0000000606400000| PB 0x0000000606400000| Updating |  0
|  25|0x0000000606400000, 0x0000000606800000, 0x0000000606800000|100%| O|  |TAMS 0x00000006067a41a0| PB 0x00000006067a41a0| Updating |  0
|  26|0x0000000606800000, 0x0000000606c00000, 0x0000000606c00000|100%|HS|  |TAMS 0x0000000606c00000| PB 0x0000000606800000| Complete |  0
|  27|0x0000000606c00000, 0x0000000607000000, 0x0000000607000000|100%|HC|  |TAMS 0x0000000607000000| PB 0x0000000606c00000| Complete |  0
|  28|0x0000000607000000, 0x0000000607400000, 0x0000000607400000|100%| O|  |TAMS 0x0000000607400000| PB 0x0000000607400000| Untracked |  0
|  29|0x0000000607400000, 0x0000000607800000, 0x0000000607800000|100%| O|  |TAMS 0x0000000607800000| PB 0x0000000607800000| Untracked |  0
|  30|0x0000000607800000, 0x0000000607c00000, 0x0000000607c00000|100%| O|  |TAMS 0x0000000607c00000| PB 0x0000000607c00000| Updating |  0
|  31|0x0000000607c00000, 0x0000000608000000, 0x0000000608000000|100%| O|  |TAMS 0x0000000608000000| PB 0x0000000608000000| Updating |  0
|  32|0x0000000608000000, 0x0000000608400000, 0x0000000608400000|100%| O|  |TAMS 0x0000000608400000| PB 0x0000000608400000| Untracked |  0
|  33|0x0000000608400000, 0x0000000608800000, 0x0000000608800000|100%| O|  |TAMS 0x0000000608800000| PB 0x0000000608800000| Untracked |  0
|  34|0x0000000608800000, 0x0000000608c00000, 0x0000000608c00000|100%| O|  |TAMS 0x0000000608c00000| PB 0x0000000608c00000| Updating |  0
|  35|0x0000000608c00000, 0x0000000609000000, 0x0000000609000000|100%| O|  |TAMS 0x0000000609000000| PB 0x0000000609000000| Updating |  0
|  36|0x0000000609000000, 0x0000000609000000, 0x0000000609400000|  0%| F|  |TAMS 0x0000000609000000| PB 0x0000000609000000| Untracked |  0
|  37|0x0000000609400000, 0x0000000609800000, 0x0000000609800000|100%| O|  |TAMS 0x0000000609800000| PB 0x0000000609800000| Updating |  0
|  38|0x0000000609800000, 0x0000000609c00000, 0x0000000609c00000|100%| O|  |TAMS 0x0000000609c00000| PB 0x0000000609c00000| Untracked |  0
|  39|0x0000000609c00000, 0x000000060a000000, 0x000000060a000000|100%| O|  |TAMS 0x000000060a000000| PB 0x000000060a000000| Untracked |  0
|  40|0x000000060a000000, 0x000000060a400000, 0x000000060a400000|100%| O|  |TAMS 0x000000060a400000| PB 0x000000060a400000| Updating |  0
|  41|0x000000060a400000, 0x000000060a400000, 0x000000060a800000|  0%| F|  |TAMS 0x000000060a400000| PB 0x000000060a400000| Untracked |  0
|  42|0x000000060a800000, 0x000000060a800000, 0x000000060ac00000|  0%| F|  |TAMS 0x000000060a800000| PB 0x000000060a800000| Untracked |  0
|  43|0x000000060ac00000, 0x000000060afdd0d0, 0x000000060b000000| 96%| S|CS|TAMS 0x000000060ac00000| PB 0x000000060ac00000| Complete |  0
|  44|0x000000060b000000, 0x000000060b400000, 0x000000060b400000|100%| S|CS|TAMS 0x000000060b000000| PB 0x000000060b000000| Complete |  0
|  45|0x000000060b400000, 0x000000060b400000, 0x000000060b800000|  0%| F|  |TAMS 0x000000060b400000| PB 0x000000060b400000| Untracked |  0
|  46|0x000000060b800000, 0x000000060bc00000, 0x000000060bc00000|100%| S|CS|TAMS 0x000000060b800000| PB 0x000000060b800000| Complete |  0
|  47|0x000000060bc00000, 0x000000060c000000, 0x000000060c000000|100%| S|CS|TAMS 0x000000060bc00000| PB 0x000000060bc00000| Complete |  0
|  48|0x000000060c000000, 0x000000060c000000, 0x000000060c400000|  0%| F|  |TAMS 0x000000060c000000| PB 0x000000060c000000| Untracked |  0
|  49|0x000000060c400000, 0x000000060c400000, 0x000000060c800000|  0%| F|  |TAMS 0x000000060c400000| PB 0x000000060c400000| Untracked |  0
|  50|0x000000060c800000, 0x000000060c800000, 0x000000060cc00000|  0%| F|  |TAMS 0x000000060c800000| PB 0x000000060c800000| Untracked |  0
|  51|0x000000060cc00000, 0x000000060cc00000, 0x000000060d000000|  0%| F|  |TAMS 0x000000060cc00000| PB 0x000000060cc00000| Untracked |  0
|  52|0x000000060d000000, 0x000000060d000000, 0x000000060d400000|  0%| F|  |TAMS 0x000000060d000000| PB 0x000000060d000000| Untracked |  0
|  53|0x000000060d400000, 0x000000060d400000, 0x000000060d800000|  0%| F|  |TAMS 0x000000060d400000| PB 0x000000060d400000| Untracked |  0
|  54|0x000000060d800000, 0x000000060d800000, 0x000000060dc00000|  0%| F|  |TAMS 0x000000060d800000| PB 0x000000060d800000| Untracked |  0
|  55|0x000000060dc00000, 0x000000060dc00000, 0x000000060e000000|  0%| F|  |TAMS 0x000000060dc00000| PB 0x000000060dc00000| Untracked |  0
|  56|0x000000060e000000, 0x000000060e000000, 0x000000060e400000|  0%| F|  |TAMS 0x000000060e000000| PB 0x000000060e000000| Untracked |  0
|  57|0x000000060e400000, 0x000000060e400000, 0x000000060e800000|  0%| F|  |TAMS 0x000000060e400000| PB 0x000000060e400000| Untracked |  0
|  58|0x000000060e800000, 0x000000060e800000, 0x000000060ec00000|  0%| F|  |TAMS 0x000000060e800000| PB 0x000000060e800000| Untracked |  0
|  59|0x000000060ec00000, 0x000000060ec00000, 0x000000060f000000|  0%| F|  |TAMS 0x000000060ec00000| PB 0x000000060ec00000| Untracked |  0
|  60|0x000000060f000000, 0x000000060f000000, 0x000000060f400000|  0%| F|  |TAMS 0x000000060f000000| PB 0x000000060f000000| Untracked |  0
|  61|0x000000060f400000, 0x000000060f400000, 0x000000060f800000|  0%| F|  |TAMS 0x000000060f400000| PB 0x000000060f400000| Untracked |  0
|  62|0x000000060f800000, 0x000000060f800000, 0x000000060fc00000|  0%| F|  |TAMS 0x000000060f800000| PB 0x000000060f800000| Untracked |  0
|  63|0x000000060fc00000, 0x000000060fc00000, 0x0000000610000000|  0%| F|  |TAMS 0x000000060fc00000| PB 0x000000060fc00000| Untracked |  0
|  64|0x0000000610000000, 0x0000000610000000, 0x0000000610400000|  0%| F|  |TAMS 0x0000000610000000| PB 0x0000000610000000| Untracked |  0
|  65|0x0000000610400000, 0x0000000610400000, 0x0000000610800000|  0%| F|  |TAMS 0x0000000610400000| PB 0x0000000610400000| Untracked |  0
|  66|0x0000000610800000, 0x0000000610800000, 0x0000000610c00000|  0%| F|  |TAMS 0x0000000610800000| PB 0x0000000610800000| Untracked |  0
|  67|0x0000000610c00000, 0x0000000610c00000, 0x0000000611000000|  0%| F|  |TAMS 0x0000000610c00000| PB 0x0000000610c00000| Untracked |  0
|  68|0x0000000611000000, 0x0000000611000000, 0x0000000611400000|  0%| F|  |TAMS 0x0000000611000000| PB 0x0000000611000000| Untracked |  0
|  69|0x0000000611400000, 0x0000000611400000, 0x0000000611800000|  0%| F|  |TAMS 0x0000000611400000| PB 0x0000000611400000| Untracked |  0
|  70|0x0000000611800000, 0x0000000611800000, 0x0000000611c00000|  0%| F|  |TAMS 0x0000000611800000| PB 0x0000000611800000| Untracked |  0
|2044|0x00000007ff000000, 0x00000007ff400000, 0x00000007ff400000|100%| E|  |TAMS 0x00000007ff000000| PB 0x00000007ff000000| Complete |  0
|2045|0x00000007ff400000, 0x00000007ff800000, 0x00000007ff800000|100%| O|  |TAMS 0x00000007ff800000| PB 0x00000007ff800000| Untracked |  0
|2046|0x00000007ff800000, 0x00000007ffc00000, 0x00000007ffc00000|100%| O|  |TAMS 0x00000007ffc00000| PB 0x00000007ffc00000| Untracked |  0
|2047|0x00000007ffc00000, 0x0000000800000000, 0x0000000800000000|100%| O|  |TAMS 0x0000000800000000| PB 0x0000000800000000| Untracked |  0

Card table byte_map: [0x000001cec9300000,0x000001ceca300000] _byte_map_base: 0x000001cec6300000

Marking Bits: (CMBitMap*) 0x000001ce9fb11240
 Bits: [0x000001ceca300000, 0x000001ced2300000)

Polling page: 0x000001ce9da10000

Metaspace:

Usage:
  Non-class:    137.99 MB used.
      Class:     20.99 MB used.
       Both:    158.97 MB used.

Virtual space:
  Non-class space:      192.00 MB reserved,     139.50 MB ( 73%) committed,  3 nodes.
      Class space:        1.00 GB reserved,      22.38 MB (  2%) committed,  1 nodes.
             Both:        1.19 GB reserved,     161.88 MB ( 13%) committed. 

Chunk freelists:
   Non-Class:  4.41 MB
       Class:  9.60 MB
        Both:  14.00 MB

MaxMetaspaceSize: 4.00 GB
CompressedClassSpaceSize: 1.00 GB
Initial GC threshold: 21.00 MB
Current GC threshold: 267.94 MB
CDS: on
 - commit_granule_bytes: 65536.
 - commit_granule_words: 8192.
 - virtual_space_node_default_size: 8388608.
 - enlarge_chunks_in_place: 1.
 - use_allocation_guard: 0.


Internal statistics:

num_allocs_failed_limit: 6.
num_arena_births: 5154.
num_arena_deaths: 0.
num_vsnodes_births: 4.
num_vsnodes_deaths: 0.
num_space_committed: 2589.
num_space_uncommitted: 0.
num_chunks_returned_to_freelist: 6.
num_chunks_taken_from_freelist: 11901.
num_chunk_merges: 6.
num_chunk_splits: 8292.
num_chunks_enlarged: 5806.
num_inconsistent_stats: 0.

CodeHeap 'non-profiled nmethods': size=259264Kb used=11737Kb max_used=12059Kb free=247526Kb
 bounds [0x000001ceb8080000, 0x000001ceb8c50000, 0x000001cec7db0000]
CodeHeap 'profiled nmethods': size=259264Kb used=39751Kb max_used=41280Kb free=219512Kb
 bounds [0x000001cea7db0000, 0x000001ceaa610000, 0x000001ceb7ae0000]
CodeHeap 'non-nmethods': size=5760Kb used=3206Kb max_used=3342Kb free=2553Kb
 bounds [0x000001ceb7ae0000, 0x000001ceb7e30000, 0x000001ceb8080000]
 total_blobs=19937 nmethods=18717 adapters=1121
 compilation: enabled
              stopped_count=0, restarted_count=0
 full_count=0

Compilation events (20 events):
Event: 284.463 Thread 0x000001cf203a2dc0 nmethod 22487 0x000001ceb8c44910 code [0x000001ceb8c44ac0, 0x000001ceb8c44e18]
Event: 284.463 Thread 0x000001cf203a2dc0 22482       4       org.jetbrains.kotlin.storage.LockBasedStorageManager::createMemoizedFunction (27 bytes)
Event: 284.463 Thread 0x000001cf1a023f10 22493       3       org.jetbrains.kotlin.descriptors.impl.PropertyDescriptorImpl::getTypeParameters (47 bytes)
Event: 284.465 Thread 0x000001cf1a023f10 nmethod 22493 0x000001ceaa5ea710 code [0x000001ceaa5ea980, 0x000001ceaa5eb248]
Event: 284.467 Thread 0x000001cf1a023f10 22494       3       org.jetbrains.kotlin.resolve.calls.inference.model.NewConstraintSystemImpl::isAnyConstructor (21 bytes)
Event: 284.468 Thread 0x000001cf1a023f10 nmethod 22494 0x000001ceaa5eb590 code [0x000001ceaa5eb7c0, 0x000001ceaa5ebf20]
Event: 284.468 Thread 0x000001cf203a2dc0 nmethod 22482 0x000001ceb8c45090 code [0x000001ceb8c45220, 0x000001ceb8c453e8]
Event: 284.468 Thread 0x000001cf1a023f10 22495       3       org.jetbrains.kotlin.resolve.calls.inference.components.TypeCheckerStateForConstraintSystem::internalAddSubtypeConstraint (398 bytes)
Event: 284.473 Thread 0x000001cf1a0201c0 nmethod 22483 0x000001ceb8c45510 code [0x000001ceb8c45740, 0x000001ceb8c464c0]
Event: 284.484 Thread 0x000001cf1a023f10 nmethod 22495 0x000001ceaa5ec190 code [0x000001ceaa5ecfe0, 0x000001ceaa5f60f8]
Event: 284.485 Thread 0x000001cf1a023f10 22501       3       org.jetbrains.kotlin.util.OneElementArrayMap::get (17 bytes)
Event: 284.485 Thread 0x000001cf1a023f10 nmethod 22501 0x000001ceaa5f8f10 code [0x000001ceaa5f90c0, 0x000001ceaa5f9248]
Event: 284.485 Thread 0x000001cf1a023f10 22496       3       org.jetbrains.kotlin.resolve.calls.inference.components.TypeCheckerStateForConstraintSystem::assertInputTypes (386 bytes)
Event: 284.487 Thread 0x000001cf1a023f10 nmethod 22496 0x000001ceaa5f9310 code [0x000001ceaa5f9600, 0x000001ceaa5faa70]
Event: 284.487 Thread 0x000001cf1a023f10 22497       3       org.jetbrains.kotlin.resolve.calls.inference.model.NewConstraintSystemImpl::asDefinitelyNotNullType (21 bytes)
Event: 284.487 Thread 0x000001cf1a023f10 nmethod 22497 0x000001ceaa5fae90 code [0x000001ceaa5fb0c0, 0x000001ceaa5fb820]
Event: 284.488 Thread 0x000001cf1a023f10 22498       3       org.jetbrains.kotlin.resolve.calls.inference.components.TypeCheckerStateForConstraintSystem::addSubtypeConstraint (231 bytes)
Event: 284.490 Thread 0x000001cf1a023f10 nmethod 22498 0x000001ceaa5fba90 code [0x000001ceaa5fbe20, 0x000001ceaa5fd240]
Event: 284.490 Thread 0x000001cf1a023f10 22499       3       org.jetbrains.kotlin.resolve.calls.inference.components.ConstraintInjector::addInitialSubtypeConstraint (105 bytes)
Event: 285.493 Thread 0x000001cf1a023f10 nmethod 22499 0x000001ceaa5fd890 code [0x000001ceaa5fdcc0, 0x000001ceaa5ff788]

GC Heap History (20 events):
Event: 231.865 GC heap before
{Heap before GC invocations=51 (full 0):
 garbage-first heap   total reserved 8388608K, committed 262144K, used 229433K [0x0000000600000000, 0x0000000800000000)
  region size 4096K, 21 young (86016K), 3 survivors (12288K)
 Metaspace       used 127771K, committed 130560K, reserved 1179648K
  class space    used 17721K, committed 19072K, reserved 1048576K
}
Event: 231.890 GC heap after
{Heap after GC invocations=52 (full 0):
 garbage-first heap   total reserved 8388608K, committed 262144K, used 162164K [0x0000000600000000, 0x0000000800000000)
  region size 4096K, 3 young (12288K), 3 survivors (12288K)
 Metaspace       used 127771K, committed 130560K, reserved 1179648K
  class space    used 17721K, committed 19072K, reserved 1048576K
}
Event: 236.964 GC heap before
{Heap before GC invocations=53 (full 0):
 garbage-first heap   total reserved 8388608K, committed 274432K, used 231796K [0x0000000600000000, 0x0000000800000000)
  region size 4096K, 20 young (81920K), 3 survivors (12288K)
 Metaspace       used 138160K, committed 140992K, reserved 1179648K
  class space    used 18830K, committed 20160K, reserved 1048576K
}
Event: 236.988 GC heap after
{Heap after GC invocations=54 (full 0):
 garbage-first heap   total reserved 8388608K, committed 274432K, used 165479K [0x0000000600000000, 0x0000000800000000)
  region size 4096K, 3 young (12288K), 3 survivors (12288K)
 Metaspace       used 138160K, committed 140992K, reserved 1179648K
  class space    used 18830K, committed 20160K, reserved 1048576K
}
Event: 244.161 GC heap before
{Heap before GC invocations=54 (full 0):
 garbage-first heap   total reserved 8388608K, committed 274432K, used 235111K [0x0000000600000000, 0x0000000800000000)
  region size 4096K, 21 young (86016K), 3 survivors (12288K)
 Metaspace       used 145071K, committed 147968K, reserved 1179648K
  class space    used 19541K, committed 20928K, reserved 1048576K
}
Event: 244.192 GC heap after
{Heap after GC invocations=55 (full 0):
 garbage-first heap   total reserved 8388608K, committed 274432K, used 170113K [0x0000000600000000, 0x0000000800000000)
  region size 4096K, 3 young (12288K), 3 survivors (12288K)
 Metaspace       used 145071K, committed 147968K, reserved 1179648K
  class space    used 19541K, committed 20928K, reserved 1048576K
}
Event: 248.845 GC heap before
{Heap before GC invocations=55 (full 0):
 garbage-first heap   total reserved 8388608K, committed 274432K, used 239745K [0x0000000600000000, 0x0000000800000000)
  region size 4096K, 21 young (86016K), 3 survivors (12288K)
 Metaspace       used 150245K, committed 153088K, reserved 1245184K
  class space    used 20089K, committed 21440K, reserved 1048576K
}
Event: 248.858 GC heap after
{Heap after GC invocations=56 (full 0):
 garbage-first heap   total reserved 8388608K, committed 274432K, used 175353K [0x0000000600000000, 0x0000000800000000)
  region size 4096K, 2 young (8192K), 2 survivors (8192K)
 Metaspace       used 150245K, committed 153088K, reserved 1245184K
  class space    used 20089K, committed 21440K, reserved 1048576K
}
Event: 252.575 GC heap before
{Heap before GC invocations=57 (full 0):
 garbage-first heap   total reserved 8388608K, committed 303104K, used 240889K [0x0000000600000000, 0x0000000800000000)
  region size 4096K, 18 young (73728K), 2 survivors (8192K)
 Metaspace       used 154805K, committed 157696K, reserved 1245184K
  class space    used 20726K, committed 22080K, reserved 1048576K
}
Event: 252.587 GC heap after
{Heap after GC invocations=58 (full 0):
 garbage-first heap   total reserved 8388608K, committed 303104K, used 178560K [0x0000000600000000, 0x0000000800000000)
  region size 4096K, 3 young (12288K), 3 survivors (12288K)
 Metaspace       used 154805K, committed 157696K, reserved 1245184K
  class space    used 20726K, committed 22080K, reserved 1048576K
}
Event: 257.262 GC heap before
{Heap before GC invocations=58 (full 0):
 garbage-first heap   total reserved 8388608K, committed 303104K, used 264576K [0x0000000600000000, 0x0000000800000000)
  region size 4096K, 24 young (98304K), 3 survivors (12288K)
 Metaspace       used 157207K, committed 160192K, reserved 1245184K
  class space    used 21044K, committed 22464K, reserved 1048576K
}
Event: 257.302 GC heap after
{Heap after GC invocations=59 (full 0):
 garbage-first heap   total reserved 8388608K, committed 303104K, used 184286K [0x0000000600000000, 0x0000000800000000)
  region size 4096K, 3 young (12288K), 3 survivors (12288K)
 Metaspace       used 157207K, committed 160192K, reserved 1245184K
  class space    used 21044K, committed 22464K, reserved 1048576K
}
Event: 268.374 GC heap before
{Heap before GC invocations=59 (full 0):
 garbage-first heap   total reserved 8388608K, committed 303104K, used 266206K [0x0000000600000000, 0x0000000800000000)
  region size 4096K, 23 young (94208K), 3 survivors (12288K)
 Metaspace       used 161448K, committed 164352K, reserved 1245184K
  class space    used 21376K, committed 22784K, reserved 1048576K
}
Event: 268.384 GC heap after
{Heap after GC invocations=60 (full 0):
 garbage-first heap   total reserved 8388608K, committed 303104K, used 180084K [0x0000000600000000, 0x0000000800000000)
  region size 4096K, 1 young (4096K), 1 survivors (4096K)
 Metaspace       used 161448K, committed 164352K, reserved 1245184K
  class space    used 21376K, committed 22784K, reserved 1048576K
}
Event: 271.754 GC heap before
{Heap before GC invocations=61 (full 0):
 garbage-first heap   total reserved 8388608K, committed 307200K, used 274292K [0x0000000600000000, 0x0000000800000000)
  region size 4096K, 24 young (98304K), 1 survivors (4096K)
 Metaspace       used 162606K, committed 165568K, reserved 1245184K
  class space    used 21491K, committed 22912K, reserved 1048576K
}
Event: 271.762 GC heap after
{Heap after GC invocations=62 (full 0):
 garbage-first heap   total reserved 8388608K, committed 307200K, used 182807K [0x0000000600000000, 0x0000000800000000)
  region size 4096K, 2 young (8192K), 2 survivors (8192K)
 Metaspace       used 162606K, committed 165568K, reserved 1245184K
  class space    used 21491K, committed 22912K, reserved 1048576K
}
Event: 283.127 GC heap before
{Heap before GC invocations=62 (full 0):
 garbage-first heap   total reserved 8388608K, committed 307200K, used 268823K [0x0000000600000000, 0x0000000800000000)
  region size 4096K, 24 young (98304K), 2 survivors (8192K)
 Metaspace       used 162673K, committed 165632K, reserved 1245184K
  class space    used 21491K, committed 22912K, reserved 1048576K
}
Event: 283.141 GC heap after
{Heap after GC invocations=63 (full 0):
 garbage-first heap   total reserved 8388608K, committed 307200K, used 180851K [0x0000000600000000, 0x0000000800000000)
  region size 4096K, 3 young (12288K), 3 survivors (12288K)
 Metaspace       used 162673K, committed 165632K, reserved 1245184K
  class space    used 21491K, committed 22912K, reserved 1048576K
}
Event: 284.423 GC heap before
{Heap before GC invocations=63 (full 0):
 garbage-first heap   total reserved 8388608K, committed 307200K, used 270963K [0x0000000600000000, 0x0000000800000000)
  region size 4096K, 25 young (102400K), 3 survivors (12288K)
 Metaspace       used 162759K, committed 165696K, reserved 1245184K
  class space    used 21491K, committed 22912K, reserved 1048576K
}
Event: 284.437 GC heap after
{Heap after GC invocations=64 (full 0):
 garbage-first heap   total reserved 8388608K, committed 307200K, used 189167K [0x0000000600000000, 0x0000000800000000)
  region size 4096K, 4 young (16384K), 4 survivors (16384K)
 Metaspace       used 162759K, committed 165696K, reserved 1245184K
  class space    used 21491K, committed 22912K, reserved 1048576K
}

Dll operation events (17 events):
Event: 0.038 Loaded shared library C:\Program Files\Java\jdk-22\bin\java.dll
Event: 0.114 Loaded shared library C:\Program Files\Java\jdk-22\bin\jsvml.dll
Event: 0.243 Loaded shared library C:\Program Files\Java\jdk-22\bin\zip.dll
Event: 0.252 Loaded shared library C:\Program Files\Java\jdk-22\bin\instrument.dll
Event: 0.264 Loaded shared library C:\Program Files\Java\jdk-22\bin\net.dll
Event: 0.270 Loaded shared library C:\Program Files\Java\jdk-22\bin\nio.dll
Event: 0.279 Loaded shared library C:\Program Files\Java\jdk-22\bin\zip.dll
Event: 1.030 Loaded shared library C:\Program Files\Java\jdk-22\bin\jimage.dll
Event: 1.333 Loaded shared library C:\Program Files\Java\jdk-22\bin\verify.dll
Event: 1.735 Loaded shared library C:\Users\dawat\.gradle\native\1def1411415f61bf3af743bc5b6707747c0891f09f0c88961ee8f79bc544acac\windows-amd64\native-platform.dll
Event: 1.749 Loaded shared library C:\Users\dawat\.gradle\native\0.2.5\x86_64-windows-gnu\gradle-fileevents.dll
Event: 4.792 Loaded shared library C:\Program Files\Java\jdk-22\bin\management.dll
Event: 4.799 Loaded shared library C:\Program Files\Java\jdk-22\bin\management_ext.dll
Event: 5.234 Loaded shared library C:\Program Files\Java\jdk-22\bin\extnet.dll
Event: 5.645 Loaded shared library C:\Program Files\Java\jdk-22\bin\sunmscapi.dll
Event: 6.966 Loaded shared library C:\Users\dawat\AppData\Local\Temp\native-platform9684105233209775383dir\gradle-fileevents.dll
Event: 33.732 Loaded shared library C:\Program Files\Java\jdk-22\bin\rmi.dll

Deoptimization events (20 events):
Event: 277.979 Thread 0x000001cf1a558d80 Uncommon trap: trap_request=0xffffff45 fr.pc=0x000001ceb861ec84 relative=0x0000000000000164
Event: 277.979 Thread 0x000001cf1a558d80 Uncommon trap: reason=unstable_if action=reinterpret pc=0x000001ceb861ec84 method=org.gradle.internal.time.DefaultCountdownTimer.hasExpired()Z @ 6 c2
Event: 277.979 Thread 0x000001cf1a558d80 DEOPT PACKING pc=0x000001ceb861ec84 sp=0x0000005586dfec30
Event: 277.980 Thread 0x000001cf1a558d80 DEOPT UNPACKING pc=0x000001ceb7b346a2 sp=0x0000005586dfebf0 mode 2
Event: 281.971 Thread 0x000001cf1e812720 Uncommon trap: trap_request=0xffffff45 fr.pc=0x000001ceb8775f60 relative=0x00000000000012c0
Event: 281.971 Thread 0x000001cf1e812720 Uncommon trap: reason=unstable_if action=reinterpret pc=0x000001ceb8775f60 method=java.util.concurrent.locks.AbstractQueuedSynchronizer.acquire(Ljava/util/concurrent/locks/AbstractQueuedSynchronizer$Node;IZZZJ)I @ 83 c2
Event: 281.971 Thread 0x000001cf1e812720 DEOPT PACKING pc=0x000001ceb8775f60 sp=0x00000055864f3c40
Event: 281.971 Thread 0x000001cf1e812720 DEOPT UNPACKING pc=0x000001ceb7b346a2 sp=0x00000055864f3bd8 mode 2
Event: 282.380 Thread 0x000001cf1a558d80 Uncommon trap: trap_request=0xffffff45 fr.pc=0x000001ceb8616bcc relative=0x00000000000001cc
Event: 282.380 Thread 0x000001cf1a558d80 Uncommon trap: reason=unstable_if action=reinterpret pc=0x000001ceb8616bcc method=org.gradle.cache.internal.LockOnDemandCrossProcessCacheAccess.decrementLockCount()V @ 54 c2
Event: 282.380 Thread 0x000001cf1a558d80 DEOPT PACKING pc=0x000001ceb8616bcc sp=0x0000005586dfed00
Event: 282.380 Thread 0x000001cf1a558d80 DEOPT UNPACKING pc=0x000001ceb7b346a2 sp=0x0000005586dfecb0 mode 2
Event: 282.401 Thread 0x000001cf1e812720 Uncommon trap: trap_request=0xffffff6e fr.pc=0x000001ceb89ec7a4 relative=0x00000000000008a4
Event: 282.401 Thread 0x000001cf1e812720 Uncommon trap: reason=loop_limit_check action=maybe_recompile pc=0x000001ceb89ec7a4 method=java.util.regex.Pattern$BnM.optimize(Ljava/util/regex/Pattern$Node;)Ljava/util/regex/Pattern$Node; @ 78 c2
Event: 282.401 Thread 0x000001cf1e812720 DEOPT PACKING pc=0x000001ceb89ec7a4 sp=0x00000055864f2d60
Event: 282.401 Thread 0x000001cf1e812720 DEOPT UNPACKING pc=0x000001ceb7b346a2 sp=0x00000055864f2d10 mode 2
Event: 282.408 Thread 0x000001cf1e812720 Uncommon trap: trap_request=0xffffff45 fr.pc=0x000001ceb88a14f8 relative=0x0000000000000ef8
Event: 282.408 Thread 0x000001cf1e812720 Uncommon trap: reason=unstable_if action=reinterpret pc=0x000001ceb88a14f8 method=org.jetbrains.kotlin.com.intellij.util.text.ImmutableText.charAt(I)C @ 6 c2
Event: 282.408 Thread 0x000001cf1e812720 DEOPT PACKING pc=0x000001ceb88a14f8 sp=0x00000055864f2840
Event: 282.408 Thread 0x000001cf1e812720 DEOPT UNPACKING pc=0x000001ceb7b346a2 sp=0x00000055864f26c0 mode 2

Classes loaded (20 events):
Event: 247.077 Loading class java/security/interfaces/DSAPublicKey
Event: 247.077 Loading class java/security/interfaces/DSAKey
Event: 247.077 Loading class java/security/interfaces/DSAKey done
Event: 247.077 Loading class java/security/interfaces/DSAPublicKey done
Event: 247.077 Loading class sun/security/provider/DSAPublicKey done
Event: 247.077 Loading class sun/security/provider/DSAPublicKeyImpl done
Event: 247.097 Loading class sun/security/provider/DSA$SHA256withDSA
Event: 247.098 Loading class sun/security/provider/DSA
Event: 247.099 Loading class sun/security/provider/DSA done
Event: 247.099 Loading class sun/security/provider/DSA$SHA256withDSA done
Event: 247.100 Loading class java/security/interfaces/DSAPrivateKey
Event: 247.101 Loading class java/security/interfaces/DSAPrivateKey done
Event: 247.106 Loading class java/security/interfaces/DSAParams
Event: 247.107 Loading class java/security/interfaces/DSAParams done
Event: 247.107 Loading class java/security/spec/DSAParameterSpec
Event: 247.107 Loading class java/security/spec/DSAParameterSpec done
Event: 247.109 Loading class java/math/SignedMutableBigInteger
Event: 247.109 Loading class java/math/SignedMutableBigInteger done
Event: 250.449 Loading class java/security/KeyStore
Event: 250.450 Loading class java/security/KeyStore done

Classes unloaded (0 events):
No events

Classes redefined (0 events):
No events

Internal exceptions (20 events):
Event: 268.016 Thread 0x000001cf1e812720 Exception <a 'sun/nio/fs/WindowsException'{0x000000060cd1fc10}> (0x000000060cd1fc10) 
thrown [s\open\src\hotspot\share\prims\jni.cpp, line 520]
Event: 268.041 Thread 0x000001cf1e812720 Exception <a 'sun/nio/fs/WindowsException'{0x000000060cd29990}> (0x000000060cd29990) 
thrown [s\open\src\hotspot\share\prims\jni.cpp, line 520]
Event: 268.070 Thread 0x000001cf1e812720 Exception <a 'sun/nio/fs/WindowsException'{0x000000060cd30900}> (0x000000060cd30900) 
thrown [s\open\src\hotspot\share\prims\jni.cpp, line 520]
Event: 269.001 Thread 0x000001cf1e812720 Exception <a 'java/lang/ClassNotFoundException'{0x00000006119fe128}: com/android/build/gradle/internal/dsl/BaseAppModuleExtension_DecoratedBeanInfo> (0x00000006119fe128) 
thrown [s\open\src\hotspot\share\classfile\systemDictionary.cpp, line 313]
Event: 269.003 Thread 0x000001cf1e812720 Exception <a 'java/lang/ClassNotFoundException'{0x0000000611a0c8f8}: com/android/build/gradle/internal/dsl/BaseAppModuleExtensionBeanInfo> (0x0000000611a0c8f8) 
thrown [s\open\src\hotspot\share\classfile\systemDictionary.cpp, line 313]
Event: 269.004 Thread 0x000001cf1e812720 Exception <a 'java/lang/ClassNotFoundException'{0x0000000611a1acc0}: com/android/build/gradle/AppExtensionBeanInfo> (0x0000000611a1acc0) 
thrown [s\open\src\hotspot\share\classfile\systemDictionary.cpp, line 313]
Event: 269.006 Thread 0x000001cf1e812720 Exception <a 'java/lang/ClassNotFoundException'{0x0000000611a291d0}: com/android/build/gradle/AbstractAppExtensionBeanInfo> (0x0000000611a291d0) 
thrown [s\open\src\hotspot\share\classfile\systemDictionary.cpp, line 313]
Event: 269.007 Thread 0x000001cf1e812720 Exception <a 'java/lang/ClassNotFoundException'{0x0000000611a37698}: com/android/build/gradle/TestedExtensionBeanInfo> (0x0000000611a37698) 
thrown [s\open\src\hotspot\share\classfile\systemDictionary.cpp, line 313]
Event: 269.008 Thread 0x000001cf1e812720 Exception <a 'java/lang/ClassNotFoundException'{0x0000000611a45a88}: com/android/build/gradle/BaseExtensionBeanInfo> (0x0000000611a45a88) 
thrown [s\open\src\hotspot\share\classfile\systemDictionary.cpp, line 313]
Event: 269.011 Thread 0x000001cf1e812720 Exception <a 'java/lang/ClassNotFoundException'{0x0000000611a53f18}: com/android/build/gradle/BaseExtensionCustomizer> (0x0000000611a53f18) 
thrown [s\open\src\hotspot\share\classfile\systemDictionary.cpp, line 313]
Event: 269.017 Thread 0x000001cf1e812720 Exception <a 'java/lang/ClassNotFoundException'{0x0000000611aba738}: com/android/build/gradle/TestedExtensionCustomizer> (0x0000000611aba738) 
thrown [s\open\src\hotspot\share\classfile\systemDictionary.cpp, line 313]
Event: 269.021 Thread 0x000001cf1e812720 Exception <a 'java/lang/ClassNotFoundException'{0x0000000611ae3940}: com/android/build/gradle/AbstractAppExtensionCustomizer> (0x0000000611ae3940) 
thrown [s\open\src\hotspot\share\classfile\systemDictionary.cpp, line 313]
Event: 269.024 Thread 0x000001cf1e812720 Exception <a 'java/lang/ClassNotFoundException'{0x0000000611b07ea0}: com/android/build/gradle/AppExtensionCustomizer> (0x0000000611b07ea0) 
thrown [s\open\src\hotspot\share\classfile\systemDictionary.cpp, line 313]
Event: 269.027 Thread 0x000001cf1e812720 Exception <a 'java/lang/ClassNotFoundException'{0x0000000611b2aed0}: com/android/build/gradle/internal/dsl/BaseAppModuleExtensionCustomizer> (0x0000000611b2aed0) 
thrown [s\open\src\hotspot\share\classfile\systemDictionary.cpp, line 313]
Event: 269.078 Thread 0x000001cf1e812720 Exception <a 'java/lang/ClassNotFoundException'{0x000000061101f408}: com/android/build/gradle/internal/dsl/BaseAppModuleExtension_DecoratedCustomizer> (0x000000061101f408) 
thrown [s\open\src\hotspot\share\classfile\systemDictionary.cpp, line 313]
Event: 269.115 Thread 0x000001cf1e812720 Exception <a 'java/lang/ClassNotFoundException'{0x000000061127f500}: org/gradle/api/internal/DefaultDomainObjectSet_DecoratedBeanInfo> (0x000000061127f500) 
thrown [s\open\src\hotspot\share\classfile\systemDictionary.cpp, line 313]
Event: 269.117 Thread 0x000001cf1e812720 Exception <a 'java/lang/ClassNotFoundException'{0x00000006112983f8}: org/gradle/api/internal/DefaultDomainObjectSet_DecoratedCustomizer> (0x00000006112983f8) 
thrown [s\open\src\hotspot\share\classfile\systemDictionary.cpp, line 313]
Event: 282.221 Thread 0x000001cf1e812720 Exception <a 'sun/nio/fs/WindowsException'{0x000000060e17c408}> (0x000000060e17c408) 
thrown [s\open\src\hotspot\share\prims\jni.cpp, line 520]
Event: 282.222 Thread 0x000001cf1e812720 Exception <a 'sun/nio/fs/WindowsException'{0x000000060e17e718}> (0x000000060e17e718) 
thrown [s\open\src\hotspot\share\prims\jni.cpp, line 520]
Event: 282.408 Thread 0x000001cf1e812720 Implicit null exception at 0x000001ceb88a0933 to 0x000001ceb88a14b4

ZGC Phase Switch (0 events):
No events

VM Operations (20 events):
Event: 271.762 Executing VM operation: G1CollectForAllocation (G1 Evacuation Pause) done
Event: 272.762 Executing VM operation: Cleanup
Event: 272.762 Executing VM operation: Cleanup done
Event: 273.763 Executing VM operation: Cleanup
Event: 273.763 Executing VM operation: Cleanup done
Event: 274.763 Executing VM operation: Cleanup
Event: 274.763 Executing VM operation: Cleanup done
Event: 276.763 Executing VM operation: Cleanup
Event: 276.763 Executing VM operation: Cleanup done
Event: 281.766 Executing VM operation: Cleanup
Event: 281.766 Executing VM operation: Cleanup done
Event: 282.777 Executing VM operation: Cleanup
Event: 282.777 Executing VM operation: Cleanup done
Event: 283.127 Executing VM operation: G1CollectForAllocation (G1 Evacuation Pause)
Event: 283.142 Executing VM operation: G1CollectForAllocation (G1 Evacuation Pause) done
Event: 284.142 Executing VM operation: Cleanup
Event: 284.142 Executing VM operation: Cleanup done
Event: 284.423 Executing VM operation: G1CollectForAllocation (G1 Evacuation Pause)
Event: 284.437 Executing VM operation: G1CollectForAllocation (G1 Evacuation Pause) done
Event: 284.652 Executing VM operation: G1PauseRemark

Memory protections (0 events):
No events

Nmethod flushes (20 events):
Event: 285.530 Thread 0x000001ced24e3350 flushing  nmethod 0x000001cea934d710
Event: 285.530 Thread 0x000001ced24e3350 flushing  nmethod 0x000001cea9350610
Event: 285.530 Thread 0x000001ced24e3350 flushing  nmethod 0x000001cea93ac910
Event: 285.530 Thread 0x000001ced24e3350 flushing  nmethod 0x000001cea94c4510
Event: 285.530 Thread 0x000001ced24e3350 flushing  nmethod 0x000001cea94c8d90
Event: 285.530 Thread 0x000001ced24e3350 flushing  nmethod 0x000001cea9518f90
Event: 285.530 Thread 0x000001ced24e3350 flushing  nmethod 0x000001cea9519390
Event: 285.530 Thread 0x000001ced24e3350 flushing  nmethod 0x000001cea9519710
Event: 285.530 Thread 0x000001ced24e3350 flushing  nmethod 0x000001cea9520a90
Event: 285.530 Thread 0x000001ced24e3350 flushing  nmethod 0x000001cea9526610
Event: 285.530 Thread 0x000001ced24e3350 flushing  nmethod 0x000001cea9545710
Event: 285.530 Thread 0x000001ced24e3350 flushing  nmethod 0x000001cea9697990
Event: 285.530 Thread 0x000001ced24e3350 flushing  nmethod 0x000001cea9699e90
Event: 285.530 Thread 0x000001ced24e3350 flushing  nmethod 0x000001cea969f810
Event: 285.530 Thread 0x000001ced24e3350 flushing  nmethod 0x000001cea96c2710
Event: 285.530 Thread 0x000001ced24e3350 flushing  nmethod 0x000001cea9876210
Event: 285.530 Thread 0x000001ced24e3350 flushing  nmethod 0x000001cea9993c90
Event: 285.530 Thread 0x000001ced24e3350 flushing  nmethod 0x000001cea9996f90
Event: 285.530 Thread 0x000001ced24e3350 flushing  nmethod 0x000001cea9cd8590
Event: 285.530 Thread 0x000001ced24e3350 flushing  nmethod 0x000001ceaa265190

Events (20 events):
Event: 266.740 Thread 0x000001cf1a023f10 Thread added: 0x000001cf2039fe10
Event: 266.924 Thread 0x000001cf1e3ce6f0 Thread exited: 0x000001cf1e3ce6f0
Event: 267.063 Thread 0x000001cf2039fe10 Thread exited: 0x000001cf2039fe10
Event: 267.719 Thread 0x000001cf1a023f10 Thread added: 0x000001cf2039fe10
Event: 267.877 Thread 0x000001cf2039fe10 Thread exited: 0x000001cf2039fe10
Event: 268.358 Thread 0x000001cf1a023f10 Thread added: 0x000001cf203a2020
Event: 268.564 Thread 0x000001cf203a2020 Thread exited: 0x000001cf203a2020
Event: 269.017 Thread 0x000001cf1a023f10 Thread added: 0x000001cf203a0bb0
Event: 270.147 Thread 0x000001cf203a0bb0 Thread exited: 0x000001cf203a0bb0
Event: 270.907 Thread 0x000001cf1a023f10 Thread added: 0x000001cf203a2020
Event: 272.021 Thread 0x000001cf1a0201c0 Thread added: 0x000001cf203a0bb0
Event: 273.363 Thread 0x000001cf203a0bb0 Thread exited: 0x000001cf203a0bb0
Event: 274.220 Thread 0x000001cf203a2020 Thread exited: 0x000001cf203a2020
Event: 282.408 Thread 0x000001cf1a023f10 Thread added: 0x000001cf2039f070
Event: 282.533 Thread 0x000001cf1a023f10 Thread added: 0x000001cf203a0bb0
Event: 283.805 Thread 0x000001cf208a3700 Thread exited: 0x000001cf208a3700
Event: 284.159 Thread 0x000001cf203a0bb0 Thread exited: 0x000001cf203a0bb0
Event: 284.284 Thread 0x000001cf2039f070 Thread exited: 0x000001cf2039f070
Event: 284.417 Thread 0x000001cf1a0201c0 Thread added: 0x000001cf2039f070
Event: 284.417 Thread 0x000001cf1a0201c0 Thread added: 0x000001cf203a2dc0


Dynamic libraries:
0x00007ff7794c0000 - 0x00007ff7794d0000 	C:\Program Files\Java\jdk-22\bin\java.exe
0x00007ffe4a440000 - 0x00007ffe4a6a8000 	C:\WINDOWS\SYSTEM32\ntdll.dll
0x00007ffe2aaf0000 - 0x00007ffe2ab10000 	C:\Program Files\Avast Software\Avast\aswhook.dll
0x00007ffe496f0000 - 0x00007ffe497b9000 	C:\WINDOWS\System32\KERNEL32.DLL
0x00007ffe47990000 - 0x00007ffe47d88000 	C:\WINDOWS\System32\KERNELBASE.dll
0x00007ffe47d90000 - 0x00007ffe47edb000 	C:\WINDOWS\System32\ucrtbase.dll
0x00007ffe1f0d0000 - 0x00007ffe1f0eb000 	C:\Program Files\Java\jdk-22\bin\VCRUNTIME140.dll
0x00007ffe168f0000 - 0x00007ffe16907000 	C:\Program Files\Java\jdk-22\bin\jli.dll
0x00007ffe48c10000 - 0x00007ffe48dd7000 	C:\WINDOWS\System32\USER32.dll
0x00007ffe20510000 - 0x00007ffe207a4000 	C:\WINDOWS\WinSxS\amd64_microsoft.windows.common-controls_6595b64144ccf1df_6.0.26100.7019_none_3e06ffa0e335b8a8\COMCTL32.dll
0x00007ffe48030000 - 0x00007ffe48057000 	C:\WINDOWS\System32\win32u.dll
0x00007ffe49880000 - 0x00007ffe498ab000 	C:\WINDOWS\System32\GDI32.dll
0x00007ffe47590000 - 0x00007ffe476bc000 	C:\WINDOWS\System32\gdi32full.dll
0x00007ffe48de0000 - 0x00007ffe48e89000 	C:\WINDOWS\System32\msvcrt.dll
0x00007ffe476c0000 - 0x00007ffe47763000 	C:\WINDOWS\System32\msvcp_win.dll
0x00007ffe49af0000 - 0x00007ffe49b21000 	C:\WINDOWS\System32\IMM32.DLL
0x00007ffe37ed0000 - 0x00007ffe37edc000 	C:\Program Files\Java\jdk-22\bin\vcruntime140_1.dll
0x00007ffe00130000 - 0x00007ffe001be000 	C:\Program Files\Java\jdk-22\bin\msvcp140.dll
0x00007ffdd31e0000 - 0x00007ffdd3f29000 	C:\Program Files\Java\jdk-22\bin\server\jvm.dll
0x00007ffe497c0000 - 0x00007ffe49874000 	C:\WINDOWS\System32\ADVAPI32.dll
0x00007ffe49920000 - 0x00007ffe499c6000 	C:\WINDOWS\System32\sechost.dll
0x00007ffe499d0000 - 0x00007ffe49ae8000 	C:\WINDOWS\System32\RPCRT4.dll
0x00007ffe48350000 - 0x00007ffe483c4000 	C:\WINDOWS\System32\WS2_32.dll
0x00007ffe473f0000 - 0x00007ffe4744e000 	C:\WINDOWS\SYSTEM32\POWRPROF.dll
0x00007ffe30f00000 - 0x00007ffe30f35000 	C:\WINDOWS\SYSTEM32\WINMM.dll
0x00007ffe3f400000 - 0x00007ffe3f40b000 	C:\WINDOWS\SYSTEM32\VERSION.dll
0x00007ffe473d0000 - 0x00007ffe473e4000 	C:\WINDOWS\SYSTEM32\UMPDC.dll
0x00007ffe46310000 - 0x00007ffe4632b000 	C:\WINDOWS\SYSTEM32\kernel.appcore.dll
0x00007ffe36f70000 - 0x00007ffe36f7a000 	C:\Program Files\Java\jdk-22\bin\jimage.dll
0x00007ffe44bf0000 - 0x00007ffe44e32000 	C:\WINDOWS\SYSTEM32\DBGHELP.DLL
0x00007ffe49b30000 - 0x00007ffe49ebb000 	C:\WINDOWS\System32\combase.dll
0x00007ffe48980000 - 0x00007ffe48a57000 	C:\WINDOWS\System32\OLEAUT32.dll
0x00007ffe38320000 - 0x00007ffe3835c000 	C:\WINDOWS\SYSTEM32\dbgcore.DLL
0x00007ffe47770000 - 0x00007ffe47815000 	C:\WINDOWS\System32\bcryptPrimitives.dll
0x00007ffe31530000 - 0x00007ffe3153f000 	C:\Program Files\Java\jdk-22\bin\instrument.dll
0x00007ffe2e6f0000 - 0x00007ffe2e70e000 	C:\Program Files\Java\jdk-22\bin\java.dll
0x00007ffe48e90000 - 0x00007ffe495df000 	C:\WINDOWS\System32\SHELL32.dll
0x00007ffe47820000 - 0x00007ffe4798b000 	C:\WINDOWS\System32\wintypes.dll
0x00007ffe48a60000 - 0x00007ffe48bf7000 	C:\WINDOWS\System32\ole32.dll
0x00007ffe45190000 - 0x00007ffe459ed000 	C:\WINDOWS\SYSTEM32\windows.storage.dll
0x00007ffe4a220000 - 0x00007ffe4a312000 	C:\WINDOWS\System32\SHCORE.dll
0x00007ffe498b0000 - 0x00007ffe49917000 	C:\WINDOWS\System32\shlwapi.dll
0x00007ffe474b0000 - 0x00007ffe474d9000 	C:\WINDOWS\SYSTEM32\profapi.dll
0x00007ffdf9370000 - 0x00007ffdf9447000 	C:\Program Files\Java\jdk-22\bin\jsvml.dll
0x00007ffe27a60000 - 0x00007ffe27a77000 	C:\Program Files\Java\jdk-22\bin\zip.dll
0x00007ffe314c0000 - 0x00007ffe314d0000 	C:\Program Files\Java\jdk-22\bin\net.dll
0x00007ffe46860000 - 0x00007ffe468cb000 	C:\WINDOWS\system32\mswsock.dll
0x00007ffe27a40000 - 0x00007ffe27a56000 	C:\Program Files\Java\jdk-22\bin\nio.dll
0x00007ffe30f40000 - 0x00007ffe30f50000 	C:\Program Files\Java\jdk-22\bin\verify.dll
0x00007ffe157e0000 - 0x00007ffe15807000 	C:\Users\dawat\.gradle\native\1def1411415f61bf3af743bc5b6707747c0891f09f0c88961ee8f79bc544acac\windows-amd64\native-platform.dll
0x0000000070440000 - 0x00000000704b3000 	C:\Users\dawat\.gradle\native\0.2.5\x86_64-windows-gnu\gradle-fileevents.dll
0x00007ffe2caa0000 - 0x00007ffe2caaa000 	C:\Program Files\Java\jdk-22\bin\management.dll
0x00007ffe2ca90000 - 0x00007ffe2ca9b000 	C:\Program Files\Java\jdk-22\bin\management_ext.dll
0x00007ffe48970000 - 0x00007ffe48978000 	C:\WINDOWS\System32\PSAPI.DLL
0x00007ffe46c50000 - 0x00007ffe46c6b000 	C:\WINDOWS\SYSTEM32\CRYPTSP.dll
0x00007ffe46270000 - 0x00007ffe462aa000 	C:\WINDOWS\system32\rsaenh.dll
0x00007ffe46910000 - 0x00007ffe4693b000 	C:\WINDOWS\SYSTEM32\USERENV.dll
0x00007ffe47480000 - 0x00007ffe474aa000 	C:\WINDOWS\SYSTEM32\bcrypt.dll
0x00007ffe46ab0000 - 0x00007ffe46abc000 	C:\WINDOWS\SYSTEM32\CRYPTBASE.dll
0x00007ffe45db0000 - 0x00007ffe45de4000 	C:\WINDOWS\SYSTEM32\IPHLPAPI.DLL
0x00007ffe4a0d0000 - 0x00007ffe4a0da000 	C:\WINDOWS\System32\NSI.dll
0x00007ffe1f1f0000 - 0x00007ffe1f1f9000 	C:\Program Files\Java\jdk-22\bin\extnet.dll
0x00007ffe1f470000 - 0x00007ffe1f47e000 	C:\Program Files\Java\jdk-22\bin\sunmscapi.dll
0x00007ffe48060000 - 0x00007ffe481d7000 	C:\WINDOWS\System32\CRYPT32.dll
0x00007ffe46da0000 - 0x00007ffe46dd0000 	C:\WINDOWS\SYSTEM32\ncrypt.dll
0x00007ffe46d50000 - 0x00007ffe46d8f000 	C:\WINDOWS\SYSTEM32\NTASN1.dll
0x00007ffe2d670000 - 0x00007ffe2d678000 	C:\WINDOWS\system32\wshunix.dll
0x0000000070340000 - 0x00000000703b3000 	C:\Users\dawat\AppData\Local\Temp\native-platform9684105233209775383dir\gradle-fileevents.dll
0x00007ffe21560000 - 0x00007ffe21578000 	C:\WINDOWS\system32\napinsp.dll
0x00007ffe45e90000 - 0x00007ffe45fbc000 	C:\WINDOWS\SYSTEM32\DNSAPI.dll
0x00007ffe20e60000 - 0x00007ffe20e72000 	C:\WINDOWS\System32\winrnr.dll
0x00007ffe20e30000 - 0x00007ffe20e52000 	C:\WINDOWS\system32\nlansp_c.dll
0x00007ffe20e10000 - 0x00007ffe20e26000 	C:\WINDOWS\system32\wshbth.dll
0x00007ffe37ec0000 - 0x00007ffe37ecb000 	C:\Windows\System32\rasadhlp.dll
0x00007ffe398f0000 - 0x00007ffe39976000 	C:\WINDOWS\System32\fwpuclnt.dll
0x00007ffe12110000 - 0x00007ffe12117000 	C:\Program Files\Java\jdk-22\bin\rmi.dll

dbghelp: loaded successfully - version: 4.0.5 - missing functions: none
symbol engine: initialized successfully - sym options: 0x614 - pdb path: .;C:\Program Files\Java\jdk-22\bin;C:\WINDOWS\SYSTEM32;C:\Program Files\Avast Software\Avast;C:\WINDOWS\WinSxS\amd64_microsoft.windows.common-controls_6595b64144ccf1df_6.0.26100.7019_none_3e06ffa0e335b8a8;C:\Program Files\Java\jdk-22\bin\server;C:\Users\dawat\.gradle\native\1def1411415f61bf3af743bc5b6707747c0891f09f0c88961ee8f79bc544acac\windows-amd64;C:\Users\dawat\.gradle\native\0.2.5\x86_64-windows-gnu;C:\Users\dawat\AppData\Local\Temp\native-platform9684105233209775383dir

VM Arguments:
jvm_args: --add-opens=java.base/java.lang=ALL-UNNAMED --add-opens=java.base/java.lang.invoke=ALL-UNNAMED --add-opens=java.base/java.util=ALL-UNNAMED --add-opens=java.prefs/java.util.prefs=ALL-UNNAMED --add-exports=jdk.compiler/com.sun.tools.javac.api=ALL-UNNAMED --add-exports=jdk.compiler/com.sun.tools.javac.util=ALL-UNNAMED --add-opens=java.base/java.util=ALL-UNNAMED --add-opens=java.prefs/java.util.prefs=ALL-UNNAMED --add-opens=java.base/java.nio.charset=ALL-UNNAMED --add-opens=java.base/java.net=ALL-UNNAMED --add-opens=java.base/java.util.concurrent.atomic=ALL-UNNAMED --add-opens=java.xml/javax.xml.namespace=ALL-UNNAMED -XX:MaxMetaspaceSize=4G -XX:ReservedCodeCacheSize=512m -XX:+HeapDumpOnOutOfMemoryError -Xmx8G -Dfile.encoding=UTF-8 -Duser.country=US -Duser.language=en -Duser.variant -javaagent:C:\Users\dawat\.gradle\wrapper\dists\gradle-8.12-all\ejduaidbjup3bmmkhw3rie4zb\gradle-8.12\lib\agents\gradle-instrumentation-agent-8.12.jar 
java_command: org.gradle.launcher.daemon.bootstrap.GradleDaemon 8.12
java_class_path (initial): C:\Users\dawat\.gradle\wrapper\dists\gradle-8.12-all\ejduaidbjup3bmmkhw3rie4zb\gradle-8.12\lib\gradle-daemon-main-8.12.jar
Launcher Type: SUN_STANDARD

[Global flags]
     intx CICompilerCount                          = 4                                         {product} {ergonomic}
     uint ConcGCThreads                            = 2                                         {product} {ergonomic}
     uint G1ConcRefinementThreads                  = 8                                         {product} {ergonomic}
   size_t G1HeapRegionSize                         = 4194304                                   {product} {ergonomic}
     bool HeapDumpOnOutOfMemoryError               = true                                   {manageable} {command line}
   size_t InitialHeapSize                          = 268435456                                 {product} {ergonomic}
   size_t MarkStackSize                            = 4194304                                   {product} {ergonomic}
   size_t MaxHeapSize                              = 8589934592                                {product} {command line}
   size_t MaxMetaspaceSize                         = 4294967296                                {product} {command line}
   size_t MaxNewSize                               = 5150605312                                {product} {ergonomic}
   size_t MinHeapDeltaBytes                        = 4194304                                   {product} {ergonomic}
   size_t MinHeapSize                              = 8388608                                   {product} {ergonomic}
    uintx NonNMethodCodeHeapSize                   = 5839372                                {pd product} {ergonomic}
    uintx NonProfiledCodeHeapSize                  = 265515770                              {pd product} {ergonomic}
    uintx ProfiledCodeHeapSize                     = 265515770                              {pd product} {ergonomic}
    uintx ReservedCodeCacheSize                    = 536870912                              {pd product} {command line}
     bool SegmentedCodeCache                       = true                                      {product} {ergonomic}
   size_t SoftMaxHeapSize                          = 8589934592                             {manageable} {ergonomic}
     bool UseCompressedOops                        = true                           {product lp64_product} {ergonomic}
     bool UseG1GC                                  = true                                      {product} {ergonomic}
     bool UseLargePagesIndividualAllocation        = false                                  {pd product} {ergonomic}

Logging:
Log output configuration:
 #0: stdout all=warning uptime,level,tags foldmultilines=false
 #1: stderr all=off uptime,level,tags foldmultilines=false

Environment Variables:
JAVA_HOME=C:\Program Files\Eclipse Adoptium\jdk-17.0.13.11-hotspot\
PATH=C:\Program Files\Common Files\Oracle\Java\javapath;C:\Program Files\Eclipse Adoptium\jdk-17.0.13.11-hotspot\bin;C:\WINDOWS\system32;C:\WINDOWS;C:\WINDOWS\System32\Wbem;C:\WINDOWS\System32\WindowsPowerShell\v1.0\;C:\WINDOWS\System32\OpenSSH\;C:\Program Files\Git\cmd;C:\Program Files\dotnet\;C:\Users\dawat\AppData\Local\nvm;C:\nvm4w\nodejs;C:\Users\dawat\AppData\Local\Programs\Python\Python314\Scripts\;C:\Users\dawat\AppData\Local\Programs\Python\Python314\;C:\Users\dawat\AppData\Local\Programs\Python\Launcher\;C:\Users\dawat\AppData\Local\Microsoft\WindowsApps;C:\msys64\ucrt64\bin;C:\Users\dawat\AppData\Local\GitHubDesktop\bin;C:\MinGW\bin;C:\Users\dawat\AppData\Local\Programs\Microsoft VS Code\bin;C:\Program Files\JetBrains\IntelliJ IDEA 2024.3\bin;;C:\Program Files\Git\bin\git.exe;C:\Users\dawat\AppData\Roaming\npm;C:\Users\dawat\AppData\Local\Muse Hub\lib;C:\src\flutter\bin;C:\Users\dawat\AppData\Local\Android\Sdk\cmdline-tools\latest\bin;C:\Users\dawat\AppData\Local\Android\Sdk\platform-tools;C:\Exercism;C:\Users\dawat\AppData\Local\nvm;C:\nvm4w\nodejs;C:\GnuWin32\bin;C:\Dev-Cpp\bin;C:\Users\dawat\AppData\Local\Pub\Cache\bin;
USERNAME=dawat
OS=Windows_NT
PROCESSOR_IDENTIFIER=Intel64 Family 6 Model 142 Stepping 12, GenuineIntel
TMP=C:\Users\dawat\AppData\Local\Temp
TEMP=C:\Users\dawat\AppData\Local\Temp




Periodic native trim disabled

---------------  S Y S T E M  ---------------

OS:
 Windows 11 , 64 bit Build 26100 (10.0.26100.7019)
OS uptime: 0 days 15:30 hours
Hyper-V role detected

CPU: total 8 (initial active 8) (4 cores per cpu, 2 threads per core) family 6 model 142 stepping 12 microcode 0x100, cx8, cmov, fxsr, ht, mmx, 3dnowpref, sse, sse2, sse3, ssse3, sse4.1, sse4.2, popcnt, lzcnt, tsc, tscinvbit, avx, avx2, aes, erms, clmul, bmi1, bmi2, adx, fma, vzeroupper, clflush, clflushopt, hv, rdtscp, f16c
Processor Information for all 8 processors :
  Max Mhz: 1896, Current Mhz: 1596, Mhz Limit: 1592

Memory: 4k page, system-wide physical 16190M (2190M free)
TotalPageFile size 19109M (AvailPageFile size 155M)
current process WorkingSet (physical memory assigned to process): 740M, peak: 743M
current process commit charge ("private bytes"): 779M, peak: 794M

vm_info: Java HotSpot(TM) 64-Bit Server VM (22.0.2+9-70) for windows-amd64 JRE (22.0.2+9-70), built on 2024-06-04T16:52:23Z by "mach5one" with MS VC++ 17.6 (VS2022)

END.
